// Jest Snapshot v1, https://goo.gl/fbAQLP

exports[`should render Main Dashboard correctly 1`] = `
<Connect(DashboardPage)
  expenses={Object {}}
  income={Object {}}
/>
`;
