// Jest Snapshot v1, https://goo.gl/fbAQLP

exports[`should render Header correctly 1`] = `
<header
  className="toolbar"
>
  <div
    className="content-container"
  >
    <toolBar
      drawerClickHandler={[Function]}
      logoutClickHandler={[Function]}
    />
    <sideDrawer
      logoutClickHandler={[Function]}
      show={false}
    />
  </div>
</header>
`;
