// Jest Snapshot v1, https://goo.gl/fbAQLP

exports[`Edit Expense Page should render EditExpensePage correctly 1`] = `
<div>
  <div
    className="page-header"
  >
    <div
      className="content-container u-justify-content"
    >
      <h1
        className="page-header__title"
      >
        Edit Expense
      </h1>
      <Link
        className="button button--back"
        replace={false}
        to="/expense-dashboard"
      >
        Back
      </Link>
    </div>
  </div>
  <div
    className="content-container"
  >
    <Form
      expense={
        Object {
          "amount": 4500,
          "createdAt": 345600000,
          "description": "Credit Card",
          "id": "3",
          "note": "",
        }
      }
      onSubmit={[Function]}
    />
    <button
      className="button button--remove"
      onClick={[Function]}
    >
      Remove Expense
    </button>
  </div>
</div>
`;
